../Drivers/STM32L4xx_HAL_Driver/Src/stm32l4xx_hal_sd.c:354:19:HAL_SD_Init	48	static
../Drivers/STM32L4xx_HAL_Driver/Src/stm32l4xx_hal_sd.c:480:19:HAL_SD_InitCard	72	static
../Drivers/STM32L4xx_HAL_Driver/Src/stm32l4xx_hal_sd.c:565:19:HAL_SD_DeInit	16	static
../Drivers/STM32L4xx_HAL_Driver/Src/stm32l4xx_hal_sd.c:622:13:HAL_SD_MspInit	16	static
../Drivers/STM32L4xx_HAL_Driver/Src/stm32l4xx_hal_sd.c:637:13:HAL_SD_MspDeInit	16	static
../Drivers/STM32L4xx_HAL_Driver/Src/stm32l4xx_hal_sd.c:678:19:HAL_SD_ReadBlocks	80	static
../Drivers/STM32L4xx_HAL_Driver/Src/stm32l4xx_hal_sd.c:901:19:HAL_SD_WriteBlocks	80	static
../Drivers/STM32L4xx_HAL_Driver/Src/stm32l4xx_hal_sd.c:1095:19:HAL_SD_ReadBlocks_IT	56	static
../Drivers/STM32L4xx_HAL_Driver/Src/stm32l4xx_hal_sd.c:1194:19:HAL_SD_WriteBlocks_IT	56	static
../Drivers/STM32L4xx_HAL_Driver/Src/stm32l4xx_hal_sd.c:1302:19:HAL_SD_ReadBlocks_DMA	56	static
../Drivers/STM32L4xx_HAL_Driver/Src/stm32l4xx_hal_sd.c:1433:19:HAL_SD_WriteBlocks_DMA	56	static
../Drivers/STM32L4xx_HAL_Driver/Src/stm32l4xx_hal_sd.c:1571:19:HAL_SD_Erase	40	static
../Drivers/STM32L4xx_HAL_Driver/Src/stm32l4xx_hal_sd.c:1673:6:HAL_SD_IRQHandler	24	static
../Drivers/STM32L4xx_HAL_Driver/Src/stm32l4xx_hal_sd.c:1982:21:HAL_SD_GetState	16	static
../Drivers/STM32L4xx_HAL_Driver/Src/stm32l4xx_hal_sd.c:1993:10:HAL_SD_GetError	16	static
../Drivers/STM32L4xx_HAL_Driver/Src/stm32l4xx_hal_sd.c:2003:13:HAL_SD_TxCpltCallback	16	static
../Drivers/STM32L4xx_HAL_Driver/Src/stm32l4xx_hal_sd.c:2018:13:HAL_SD_RxCpltCallback	16	static
../Drivers/STM32L4xx_HAL_Driver/Src/stm32l4xx_hal_sd.c:2033:13:HAL_SD_ErrorCallback	16	static
../Drivers/STM32L4xx_HAL_Driver/Src/stm32l4xx_hal_sd.c:2048:13:HAL_SD_AbortCallback	16	static
../Drivers/STM32L4xx_HAL_Driver/Src/stm32l4xx_hal_sd.c:2365:19:HAL_SD_GetCardCID	16	static
../Drivers/STM32L4xx_HAL_Driver/Src/stm32l4xx_hal_sd.c:2398:19:HAL_SD_GetCardCSD	16	static
../Drivers/STM32L4xx_HAL_Driver/Src/stm32l4xx_hal_sd.c:2512:19:HAL_SD_GetCardStatus	88	static
../Drivers/STM32L4xx_HAL_Driver/Src/stm32l4xx_hal_sd.c:2578:19:HAL_SD_GetCardInfo	16	static
../Drivers/STM32L4xx_HAL_Driver/Src/stm32l4xx_hal_sd.c:2603:19:HAL_SD_ConfigWideBusOperation	72	static
../Drivers/STM32L4xx_HAL_Driver/Src/stm32l4xx_hal_sd.c:2719:19:HAL_SD_ConfigSpeedBusOperation	32	static
../Drivers/STM32L4xx_HAL_Driver/Src/stm32l4xx_hal_sd.c:2927:25:HAL_SD_GetCardState	32	static
../Drivers/STM32L4xx_HAL_Driver/Src/stm32l4xx_hal_sd.c:2950:19:HAL_SD_Abort	24	static
../Drivers/STM32L4xx_HAL_Driver/Src/stm32l4xx_hal_sd.c:3021:19:HAL_SD_Abort_IT	24	static
../Drivers/STM32L4xx_HAL_Driver/Src/stm32l4xx_hal_sd.c:3314:17:SD_InitCard	80	static
../Drivers/STM32L4xx_HAL_Driver/Src/stm32l4xx_hal_sd.c:3408:17:SD_PowerON	40	static
../Drivers/STM32L4xx_HAL_Driver/Src/stm32l4xx_hal_sd.c:3579:13:SD_PowerOFF	16	static
../Drivers/STM32L4xx_HAL_Driver/Src/stm32l4xx_hal_sd.c:3592:17:SD_SendSDStatus	56	static
../Drivers/STM32L4xx_HAL_Driver/Src/stm32l4xx_hal_sd.c:3706:17:SD_SendStatus	24	static
../Drivers/STM32L4xx_HAL_Driver/Src/stm32l4xx_hal_sd.c:3733:17:SD_WideBus_Enable	32	static
../Drivers/STM32L4xx_HAL_Driver/Src/stm32l4xx_hal_sd.c:3780:17:SD_WideBus_Disable	32	static
../Drivers/STM32L4xx_HAL_Driver/Src/stm32l4xx_hal_sd.c:3829:17:SD_FindSCR	64	static
../Drivers/STM32L4xx_HAL_Driver/Src/stm32l4xx_hal_sd.c:3940:13:SD_Read_IT	32	static
../Drivers/STM32L4xx_HAL_Driver/Src/stm32l4xx_hal_sd.c:3979:13:SD_Write_IT	32	static
../Drivers/STM32L4xx_HAL_Driver/Src/stm32l4xx_hal_sd.c:4021:10:SD_HighSpeed	128	static
../Drivers/STM32L4xx_HAL_Driver/Src/stm32l4xx_hal_sd.c:4136:17:SD_UltraHighSpeed	128	static
../Drivers/STM32L4xx_HAL_Driver/Src/stm32l4xx_hal_sd.c:4267:17:SD_DDR_Mode	128	static
