../Drivers/BSP/Components/iis2dh/iis2dh.c:88:9:IIS2DH_RegisterBusIO	24	static
../Drivers/BSP/Components/iis2dh/iis2dh.c:128:9:IIS2DH_Init	32	static
../Drivers/BSP/Components/iis2dh/iis2dh.c:224:9:IIS2DH_DeInit	16	static
../Drivers/BSP/Components/iis2dh/iis2dh.c:246:9:IIS2DH_ReadID	16	static
../Drivers/BSP/Components/iis2dh/iis2dh.c:262:9:IIS2DH_GetCapabilities	16	static
../Drivers/BSP/Components/iis2dh/iis2dh.c:285:9:IIS2DH_ACC_Enable	24	static
../Drivers/BSP/Components/iis2dh/iis2dh.c:318:9:IIS2DH_ACC_Disable	16	static
../Drivers/BSP/Components/iis2dh/iis2dh.c:343:9:IIS2DH_ACC_GetSensitivity	24	static
../Drivers/BSP/Components/iis2dh/iis2dh.c:456:9:IIS2DH_ACC_GetOutputDataRate	24	static
../Drivers/BSP/Components/iis2dh/iis2dh.c:514:9:IIS2DH_ACC_SetOutputDataRate	16	static
../Drivers/BSP/Components/iis2dh/iis2dh.c:533:9:IIS2DH_ACC_GetFullScale	24	static
../Drivers/BSP/Components/iis2dh/iis2dh.c:577:9:IIS2DH_ACC_SetFullScale	24	static
../Drivers/BSP/Components/iis2dh/iis2dh.c:602:9:IIS2DH_ACC_GetAxesRaw	40	static
../Drivers/BSP/Components/iis2dh/iis2dh.c:660:9:IIS2DH_ACC_GetAxes	32	static
../Drivers/BSP/Components/iis2dh/iis2dh.c:692:9:IIS2DH_Read_Reg	24	static
../Drivers/BSP/Components/iis2dh/iis2dh.c:709:9:IIS2DH_Write_Reg	16	static
../Drivers/BSP/Components/iis2dh/iis2dh.c:726:9:IIS2DH_ACC_Get_DRDY_Status	16	static
../Drivers/BSP/Components/iis2dh/iis2dh.c:742:9:IIS2DH_ACC_Get_Init_Status	16	static
../Drivers/BSP/Components/iis2dh/iis2dh.c:760:9:IIS2DH_FIFO_Get_Num_Samples	16	static
../Drivers/BSP/Components/iis2dh/iis2dh.c:776:9:IIS2DH_FIFO_Set_Mode	24	static
../Drivers/BSP/Components/iis2dh/iis2dh.c:822:16:IIS2DH_ACC_SetOutputDataRate_When_Enabled	24	static
../Drivers/BSP/Components/iis2dh/iis2dh.c:869:16:IIS2DH_ACC_SetOutputDataRate_When_Disabled	16	static
../Drivers/BSP/Components/iis2dh/iis2dh.c:892:16:ReadRegWrap	40	static
../Drivers/BSP/Components/iis2dh/iis2dh.c:907:16:WriteRegWrap	40	static
