../Application/User/HSD_json.c:57:9:HSD_JSON_set_allocation_functions	16	static
../Application/User/HSD_json.c:64:9:HSD_JSON_free	16	static
../Application/User/HSD_json.c:76:9:HSD_JSON_serialize_Device	24	static
../Application/User/HSD_json.c:81:9:HSD_JSON_serialize_DeviceInfo	16	static
../Application/User/HSD_json.c:86:9:HSD_JSON_serialize_Sensor	16	static
../Application/User/HSD_json.c:91:9:HSD_JSON_serialize_SensorDescriptor	16	static
../Application/User/HSD_json.c:96:9:HSD_JSON_serialize_SensorStatus	16	static
../Application/User/HSD_json.c:101:9:HSD_JSON_serialize_SubSensorDescriptor	16	static
../Application/User/HSD_json.c:106:9:HSD_JSON_serialize_SubSensorStatus	16	static
../Application/User/HSD_json.c:111:9:HSD_JSON_parse_Device	16	static
../Application/User/HSD_json.c:116:9:HSD_JSON_parse_Command	16	static
../Application/User/HSD_json.c:121:9:HSD_JSON_parse_Status	16	static
../Application/User/HSD_json.c:128:16:get_JSON_from_Device	48	static
../Application/User/HSD_json.c:172:16:get_JSON_from_DeviceInfo	24	static
../Application/User/HSD_json.c:189:16:get_JSON_from_Sensor	24	static
../Application/User/HSD_json.c:206:16:get_JSON_from_SensorDescriptor	24	static
../Application/User/HSD_json.c:223:16:get_JSON_from_SensorStatus	24	static
../Application/User/HSD_json.c:240:16:get_JSON_from_SubSensorDescriptor	24	static
../Application/User/HSD_json.c:257:16:get_JSON_from_SubSensorStatus	24	static
../Application/User/HSD_json.c:274:16:parse_Device_from_JSON	48	static
../Application/User/HSD_json.c:305:16:parse_Command_from_JSON	24	static
../Application/User/HSD_json.c:389:16:parse_Status_from_JSON	48	static
../Application/User/HSD_json.c:473:13:create_JSON_DeviceInfo	24	static
../Application/User/HSD_json.c:484:13:create_JSON_Sensor	56	static
../Application/User/HSD_json.c:527:13:create_JSON_SensorDescriptor	40	static
../Application/User/HSD_json.c:589:13:create_JSON_SensorStatus	24	static
../Application/User/HSD_json.c:604:13:create_JSON_SubSensorDescriptor	32	static
../Application/User/HSD_json.c:656:13:create_JSON_SubSensorStatus	24	static
