../Application/User/iis2dh_app.c:58:6:IIS2DH_Peripheral_Init	40	static
../Application/User/iis2dh_app.c:92:6:IIS2DH_OS_Init	40	static
../Application/User/iis2dh_app.c:122:13:IIS2DH_Thread	56	static
../Application/User/iis2dh_app.c:281:13:IIS2DH_Int_Callback	8	static
../Application/User/iis2dh_app.c:286:6:IIS2DH_Set_State	16	static
../Application/User/iis2dh_app.c:291:6:IIS2DH_Set_ODR	16	static
../Application/User/iis2dh_app.c:296:6:IIS2DH_Set_FS	16	static
../Application/User/iis2dh_app.c:302:6:IIS2DH_Start	8	static
../Application/User/iis2dh_app.c:308:6:IIS2DH_Stop	8	static
../Application/User/iis2dh_app.c:313:13:IIS2DH_Data_Ready	24	static
