iis3dwb_app.c:61:6:IIS3DWB_Peripheral_Init	48	static
iis3dwb_app.c:142:6:IIS3DWB_OS_Init	40	static
iis3dwb_app.c:165:13:IIS3DWB_Thread	56	static
iis3dwb_app.c:292:13:IIS3DWB_Int_Callback	8	static
iis3dwb_app.c:298:6:UpdateTimerValue	8	static
iis3dwb_app.c:303:6:IIS3DWB_Set_State	16	static
iis3dwb_app.c:308:6:IIS3DWB_Set_ODR	16	static
iis3dwb_app.c:313:6:IIS3DWB_Set_FS	16	static
iis3dwb_app.c:319:6:IIS3DWB_Start	8	static
iis3dwb_app.c:325:6:IIS3DWB_Stop	8	static
iis3dwb_app.c:331:13:IIS3DWB_Data_Ready	24	static
