../Application/User/iis3dwb_app.c:63:6:IIS3DWB_Peripheral_Init	48	static
../Application/User/iis3dwb_app.c:143:6:IIS3DWB_OS_Init	40	static
../Application/User/iis3dwb_app.c:166:13:IIS3DWB_Thread	64	static
../Application/User/iis3dwb_app.c:293:13:IIS3DWB_Int_Callback	8	static
../Application/User/iis3dwb_app.c:299:6:UpdateTimerValue	8	static
../Application/User/iis3dwb_app.c:304:6:IIS3DWB_Set_State	16	static
../Application/User/iis3dwb_app.c:309:6:IIS3DWB_Set_ODR	16	static
../Application/User/iis3dwb_app.c:314:6:IIS3DWB_Set_FS	16	static
../Application/User/iis3dwb_app.c:320:6:IIS3DWB_Start	8	static
../Application/User/iis3dwb_app.c:326:6:IIS3DWB_Stop	8	static
../Application/User/iis3dwb_app.c:332:13:IIS3DWB_Data_Ready	24	static
