../Application/User/lps22hh_app.c:57:6:LPS22HH_Peripheral_Init	4	static
../Application/User/lps22hh_app.c:67:6:LPS22HH_OS_Init	40	static
../Application/User/lps22hh_app.c:85:13:LPS22HH_Thread	64	static
../Application/User/lps22hh_app.c:248:6:LPS22HH_Set_State	16	static
../Application/User/lps22hh_app.c:253:6:LPS22HH_Set_ODR	16	static
../Application/User/lps22hh_app.c:258:6:LPS22HH_Set_FS	16	static
../Application/User/lps22hh_app.c:264:6:LPS22HH_Start	8	static
../Application/User/lps22hh_app.c:270:6:LPS22HH_Stop	8	static
../Application/User/lps22hh_app.c:275:13:LPS22HH_Data_Ready	24	static
