main.c:98:5:main	64	static
main.c:175:13:MX_SDMMC1_SD_Init	4	static
main.c:200:6:MX_USART2_Init	8	static
main.c:234:6:HAL_UART_MspInit	40	static
main.c:261:6:MX_USB_DEVICE_Init	8	static
main.c:277:6:SystemClock_Config	256	static
main.c:365:6:BattChrg_Init	8	static
main.c:382:6:BC_Int_Callback	8	static
main.c:396:6:PVD_Config	24	static
main.c:419:6:vApplicationIdleHook	8	static
main.c:486:6:HAL_RTC_AlarmAEventCallback	16	static
main.c:501:6:SENSOR_Generic_Data_Ready	64	static
main.c:597:6:IIS3DWB_Data_Ready	24	static
main.c:602:6:HTS221_Data_Ready	24	static
main.c:607:6:IIS2DH_Data_Ready	24	static
main.c:612:6:IIS2MDC_Data_Ready	24	static
main.c:617:6:IMP34DT05_Data_Ready	24	static
main.c:622:6:ISM330DHCX_Data_Ready	24	static
main.c:627:6:LPS22HH_Data_Ready	24	static
main.c:632:6:MP23ABS1_Data_Ready	24	static
main.c:637:6:STTS751_Data_Ready	24	static
main.c:644:6:Peripheral_MSP_Init_All	8	static
main.c:662:6:Peripheral_OS_Init_All	8	static
main.c:679:6:HAL_GPIO_EXTI_Callback	16	static
main.c:698:13:Error_Handler	4	static
