main.c:98:5:main	64	static
main.c:172:13:MX_SDMMC1_SD_Init	4	static
main.c:197:6:MX_USART2_Init	8	static
main.c:231:6:HAL_UART_MspInit	40	static
main.c:258:6:MX_USB_DEVICE_Init	8	static
main.c:274:6:SystemClock_Config	256	static
main.c:362:6:BattChrg_Init	8	static
main.c:379:6:BC_Int_Callback	8	static
main.c:393:6:PVD_Config	24	static
main.c:416:6:vApplicationIdleHook	8	static
main.c:490:6:SENSOR_Generic_Data_Ready	64	static
main.c:586:6:IIS3DWB_Data_Ready	24	static
main.c:591:6:HTS221_Data_Ready	24	static
main.c:596:6:IIS2DH_Data_Ready	24	static
main.c:601:6:IIS2MDC_Data_Ready	24	static
main.c:606:6:IMP34DT05_Data_Ready	24	static
main.c:611:6:ISM330DHCX_Data_Ready	24	static
main.c:616:6:LPS22HH_Data_Ready	24	static
main.c:621:6:MP23ABS1_Data_Ready	24	static
main.c:626:6:STTS751_Data_Ready	24	static
main.c:633:6:Peripheral_MSP_Init_All	8	static
main.c:651:6:Peripheral_OS_Init_All	8	static
main.c:668:6:HAL_GPIO_EXTI_Callback	16	static
main.c:687:13:Error_Handler	4	static
