main.c:90:5:main	16	static
main.c:147:6:MX_USB_DEVICE_Init	8	static
main.c:163:6:SystemClock_Config	256	static
main.c:228:6:BattChrg_Init	8	static
main.c:245:6:BC_Int_Callback	8	static
main.c:259:6:PVD_Config	24	static
main.c:282:6:vApplicationIdleHook	8	static
main.c:352:6:SENSOR_Generic_Data_Ready	64	static
main.c:448:6:IIS3DWB_Data_Ready	24	static
main.c:453:6:HTS221_Data_Ready	24	static
main.c:458:6:IIS2DH_Data_Ready	24	static
main.c:463:6:IIS2MDC_Data_Ready	24	static
main.c:468:6:IMP34DT05_Data_Ready	24	static
main.c:473:6:ISM330DHCX_Data_Ready	24	static
main.c:478:6:LPS22HH_Data_Ready	24	static
main.c:483:6:MP23ABS1_Data_Ready	24	static
main.c:488:6:STTS751_Data_Ready	24	static
main.c:495:6:Peripheral_MSP_Init_All	8	static
main.c:513:6:Peripheral_OS_Init_All	8	static
main.c:536:13:Error_Handler	4	static
