main.c:98:5:main	80	static
main.c:176:13:MX_SDMMC1_SD_Init	4	static
main.c:201:6:MX_USART2_Init	8	static
main.c:235:6:HAL_UART_MspInit	40	static
main.c:262:6:MX_USB_DEVICE_Init	8	static
main.c:278:6:SystemClock_Config	256	static
main.c:366:6:BattChrg_Init	8	static
main.c:383:6:BC_Int_Callback	8	static
main.c:397:6:PVD_Config	24	static
main.c:420:6:vApplicationIdleHook	8	static
main.c:487:6:HAL_RTC_AlarmAEventCallback	16	static
main.c:502:6:SENSOR_Generic_Data_Ready	64	static
main.c:598:6:IIS3DWB_Data_Ready	24	static
main.c:603:6:HTS221_Data_Ready	24	static
main.c:608:6:IIS2DH_Data_Ready	24	static
main.c:613:6:IIS2MDC_Data_Ready	24	static
main.c:618:6:IMP34DT05_Data_Ready	24	static
main.c:623:6:ISM330DHCX_Data_Ready	24	static
main.c:628:6:LPS22HH_Data_Ready	24	static
main.c:633:6:MP23ABS1_Data_Ready	24	static
main.c:638:6:STTS751_Data_Ready	24	static
main.c:645:6:Peripheral_MSP_Init_All	8	static
main.c:663:6:Peripheral_OS_Init_All	8	static
main.c:680:6:HAL_GPIO_EXTI_Callback	16	static
main.c:699:13:Error_Handler	4	static
