../Application/User/main.c:96:5:main	48	static
../Application/User/main.c:199:6:MX_USART2_Init	8	static
../Application/User/main.c:233:6:HAL_UART_MspInit	40	static
../Application/User/main.c:260:6:MX_USB_DEVICE_Init	8	static
../Application/User/main.c:276:6:SystemClock_Config	256	static
../Application/User/main.c:368:6:BattChrg_Init	8	static
../Application/User/main.c:385:6:BC_Int_Callback	8	static
../Application/User/main.c:399:6:PVD_Config	24	static
../Application/User/main.c:422:6:vApplicationIdleHook	8	static
../Application/User/main.c:489:6:HAL_RTC_AlarmAEventCallback	16	static
../Application/User/main.c:504:6:SENSOR_Generic_Data_Ready	64	static
../Application/User/main.c:600:6:IIS3DWB_Data_Ready	24	static
../Application/User/main.c:605:6:HTS221_Data_Ready	24	static
../Application/User/main.c:610:6:IIS2DH_Data_Ready	24	static
../Application/User/main.c:615:6:IIS2MDC_Data_Ready	24	static
../Application/User/main.c:620:6:IMP34DT05_Data_Ready	24	static
../Application/User/main.c:625:6:ISM330DHCX_Data_Ready	24	static
../Application/User/main.c:630:6:LPS22HH_Data_Ready	24	static
../Application/User/main.c:635:6:MP23ABS1_Data_Ready	24	static
../Application/User/main.c:640:6:STTS751_Data_Ready	24	static
../Application/User/main.c:647:6:Peripheral_MSP_Init_All	8	static
../Application/User/main.c:665:6:Peripheral_OS_Init_All	8	static
../Application/User/main.c:682:6:HAL_GPIO_EXTI_Callback	16	static
../Application/User/main.c:701:13:Error_Handler	4	static
