mp23abs1_app.c:55:13:Error_Handler	4	static
mp23abs1_app.c:68:6:MP23ABS1_Peripheral_Init	8	static
mp23abs1_app.c:80:13:MP23ABS1_ADC_Init	32	static
mp23abs1_app.c:129:14:MP23ABS1_DMA_Init	16	static
mp23abs1_app.c:141:13:MP23ABS1_DFSDM_Init	8	static
mp23abs1_app.c:185:6:MP23ABS1_OS_Init	40	static
mp23abs1_app.c:200:13:MP23ABS1_Thread	64	static
mp23abs1_app.c:286:6:DFSDM_Filter_1_Complete_Callback	24	static
mp23abs1_app.c:304:6:DFSDM_Filter_1_HalfComplete_Callback	24	static
mp23abs1_app.c:318:6:MP23ABS1_DFSDM_FilterMspInit	24	static
mp23abs1_app.c:346:6:MP23ABS1_StartAcquisition	8	static
mp23abs1_app.c:351:6:MP23ABS1_StopAcquisition	8	static
mp23abs1_app.c:356:6:MP23ABS1_PauseAcquisition	8	static
mp23abs1_app.c:361:6:MP23ABS1_ResumeAcquisition	8	static
mp23abs1_app.c:366:6:MP23ABS1_ADC_MspInit	48	static
mp23abs1_app.c:387:6:MP23ABS1_Set_State	16	static
mp23abs1_app.c:392:6:MP23ABS1_Set_ODR	16	static
mp23abs1_app.c:397:6:MP23ABS1_Set_FS	16	static
mp23abs1_app.c:403:6:MP23ABS1_Start	8	static
mp23abs1_app.c:409:6:MP23ABS1_Stop	8	static
mp23abs1_app.c:414:13:MP23ABS1_Data_Ready	24	static
