../Application/User/sdcard_manager.c:111:6:Enable_Sensors	8	static
../Application/User/sdcard_manager.c:130:6:Activate_Sensor	24	static
../Application/User/sdcard_manager.c:139:13:SDM_Thread	112	static
../Application/User/sdcard_manager.c:347:6:HAL_PWR_PVDCallback	4	static
../Application/User/sdcard_manager.c:353:9:batt_error	16	static
../Application/User/sdcard_manager.c:365:9:log_error	48	static
../Application/User/sdcard_manager.c:384:9:SDM_Memory_Init	24	static
../Application/User/sdcard_manager.c:416:9:SDM_Memory_Deinit	24	static
../Application/User/sdcard_manager.c:437:6:SDM_Peripheral_Init	8	static
../Application/User/sdcard_manager.c:447:6:SDM_OS_Init	40	static
../Application/User/sdcard_manager.c:468:6:SDM_SD_Init	40	static
../Application/User/sdcard_manager.c:495:6:SDM_SD_DeInit	8	static
../Application/User/sdcard_manager.c:514:9:SDM_OpenLogErrorFile	24	static
../Application/User/sdcard_manager.c:531:9:SDM_OpenFile	72	static
../Application/User/sdcard_manager.c:546:9:SDM_CloseFile	16	static
../Application/User/sdcard_manager.c:557:10:SDM_GetLastDirNumber	368	static
../Application/User/sdcard_manager.c:602:9:SDM_InitFiles	96	static
../Application/User/sdcard_manager.c:687:9:SDM_CloseFiles	104	static
../Application/User/sdcard_manager.c:765:9:SDM_WriteConfigBuffer	24	static
../Application/User/sdcard_manager.c:779:9:SDM_WriteBuffer	32	static
../Application/User/sdcard_manager.c:791:9:SDM_Flush_Buffer	32	static
../Application/User/sdcard_manager.c:816:9:SDM_Fill_Buffer	40	static
../Application/User/sdcard_manager.c:870:9:SDM_StartSensorThread	16	static
../Application/User/sdcard_manager.c:918:9:SDM_StopSensorThread	16	static
../Application/User/sdcard_manager.c:962:10:SDM_ReadJSON	32	static
../Application/User/sdcard_manager.c:985:10:SDM_CreateJSON	24	static
../Application/User/sdcard_manager.c:998:6:userButtonCallback	16	static
../Application/User/sdcard_manager.c:1010:6:SDM_StartMeasurements	56	static
../Application/User/sdcard_manager.c:1041:6:SDM_AutosaveFile	8	static
../Application/User/sdcard_manager.c:1076:13:_Error_Handler	4	static
