sdcard_manager.c:112:6:Enable_Sensors	8	static
sdcard_manager.c:131:6:Activate_Sensor	24	static
sdcard_manager.c:140:13:SDM_Thread	112	static
sdcard_manager.c:345:6:HAL_PWR_PVDCallback	4	static
sdcard_manager.c:351:9:batt_error	16	static
sdcard_manager.c:363:9:log_error	48	static
sdcard_manager.c:382:9:SDM_Memory_Init	24	static
sdcard_manager.c:414:9:SDM_Memory_Deinit	24	static
sdcard_manager.c:435:6:SDM_Peripheral_Init	8	static
sdcard_manager.c:445:6:SDM_OS_Init	40	static
sdcard_manager.c:466:6:SDM_SD_Init	8	static
sdcard_manager.c:491:6:SDM_SD_DeInit	8	static
sdcard_manager.c:510:9:SDM_OpenLogErrorFile	24	static
sdcard_manager.c:527:9:SDM_OpenFile	72	static
sdcard_manager.c:542:9:SDM_CloseFile	16	static
sdcard_manager.c:553:10:SDM_GetLastDirNumber	368	static
sdcard_manager.c:598:9:SDM_InitFiles	96	static
sdcard_manager.c:659:9:SDM_CloseFiles	104	static
sdcard_manager.c:727:9:SDM_WriteConfigBuffer	24	static
sdcard_manager.c:741:9:SDM_WriteBuffer	32	static
sdcard_manager.c:753:9:SDM_Flush_Buffer	32	static
sdcard_manager.c:778:9:SDM_Fill_Buffer	40	static
sdcard_manager.c:832:9:SDM_StartSensorThread	16	static
sdcard_manager.c:880:9:SDM_StopSensorThread	16	static
sdcard_manager.c:924:10:SDM_ReadJSON	32	static
sdcard_manager.c:947:10:SDM_CreateJSON	24	static
sdcard_manager.c:960:6:userButtonCallback	16	static
sdcard_manager.c:971:6:SDM_StartMeasurements	40	static
sdcard_manager.c:1002:6:SDM_AutosaveFile	8	static
sdcard_manager.c:1037:13:_Error_Handler	4	static
