sdcard_manager.c:105:6:Enable_Sensors	8	static
sdcard_manager.c:122:6:Activate_Sensor	24	static
sdcard_manager.c:131:13:SDM_Thread	112	static
sdcard_manager.c:336:6:HAL_PWR_PVDCallback	4	static
sdcard_manager.c:342:9:batt_error	16	static
sdcard_manager.c:354:9:log_error	48	static
sdcard_manager.c:373:9:SDM_Memory_Init	24	static
sdcard_manager.c:405:9:SDM_Memory_Deinit	24	static
sdcard_manager.c:426:6:SDM_Peripheral_Init	8	static
sdcard_manager.c:436:6:SDM_OS_Init	40	static
sdcard_manager.c:457:6:SDM_SD_Init	8	static
sdcard_manager.c:482:6:SDM_SD_DeInit	8	static
sdcard_manager.c:501:9:SDM_OpenLogErrorFile	24	static
sdcard_manager.c:518:9:SDM_OpenFile	72	static
sdcard_manager.c:533:9:SDM_CloseFile	16	static
sdcard_manager.c:544:10:SDM_GetLastDirNumber	368	static
sdcard_manager.c:589:9:SDM_InitFiles	96	static
sdcard_manager.c:650:9:SDM_CloseFiles	104	static
sdcard_manager.c:718:9:SDM_WriteConfigBuffer	24	static
sdcard_manager.c:732:9:SDM_WriteBuffer	32	static
sdcard_manager.c:744:9:SDM_Flush_Buffer	32	static
sdcard_manager.c:769:9:SDM_Fill_Buffer	40	static
sdcard_manager.c:823:9:SDM_StartSensorThread	16	static
sdcard_manager.c:871:9:SDM_StopSensorThread	16	static
sdcard_manager.c:915:10:SDM_ReadJSON	32	static
sdcard_manager.c:938:10:SDM_CreateJSON	24	static
sdcard_manager.c:951:6:HAL_GPIO_EXTI_Callback	16	static
sdcard_manager.c:986:6:SDM_AutosaveFile	8	static
sdcard_manager.c:1021:13:_Error_Handler	4	static
