sensors_manager.c:85:13:SM_SPI_Init	8	static
sensors_manager.c:115:6:SM_Error_Handler	4	static
sensors_manager.c:128:6:SM_OS_Init	40	static
sensors_manager.c:163:9:SM_SPI_Write	24	static
sensors_manager.c:187:9:SM_SPI_Read	32	static
sensors_manager.c:211:9:SM_SPI_Read_Os	32	static
sensors_manager.c:234:9:SM_SPI_Write_Os	32	static
sensors_manager.c:262:13:spi_Thread	40	static
sensors_manager.c:291:13:SM_SPI_TxRxCpltCallback	16	static
sensors_manager.c:301:13:SM_I2C_Init	8	static
sensors_manager.c:343:9:SM_I2C_Read	48	static
sensors_manager.c:360:9:SM_I2C_Write	48	static
sensors_manager.c:382:13:i2c_Thread	48	static
sensors_manager.c:426:9:SM_I2C_Read_Os	32	static
sensors_manager.c:442:9:SM_I2C_Write_Os	32	static
sensors_manager.c:458:6:SM_I2C_MemRxCpltCallback	16	static
sensors_manager.c:464:6:SM_I2C_MemTxCpltCallback	16	static
sensors_manager.c:470:6:SM_I2C_ErrorCallback	16	static
sensors_manager.c:475:6:SM_Peripheral_Init	8	static
sensors_manager.c:487:13:SM_DMA_Init	16	static
sensors_manager.c:512:13:SM_SPI_MspInit	56	static
sensors_manager.c:580:13:SM_I2C_MspInit	48	static
sensors_manager.c:645:6:SM_TIM_Init	16	static
sensors_manager.c:670:6:SM_TIM_Start	8	static
sensors_manager.c:680:6:SM_TIM_Stop	8	static
