../Application/User/sensors_manager.c:85:13:SM_SPI_Init	8	static
../Application/User/sensors_manager.c:117:6:SM_Error_Handler	4	static
../Application/User/sensors_manager.c:130:6:SM_OS_Init	40	static
../Application/User/sensors_manager.c:165:9:SM_SPI_Write	24	static
../Application/User/sensors_manager.c:189:9:SM_SPI_Read	32	static
../Application/User/sensors_manager.c:213:9:SM_SPI_Read_Os	32	static
../Application/User/sensors_manager.c:236:9:SM_SPI_Write_Os	32	static
../Application/User/sensors_manager.c:264:13:spi_Thread	40	static
../Application/User/sensors_manager.c:293:13:SM_SPI_TxRxCpltCallback	16	static
../Application/User/sensors_manager.c:303:13:SM_I2C_Init	8	static
../Application/User/sensors_manager.c:345:9:SM_I2C_Read	48	static
../Application/User/sensors_manager.c:362:9:SM_I2C_Write	48	static
../Application/User/sensors_manager.c:384:13:i2c_Thread	48	static
../Application/User/sensors_manager.c:428:9:SM_I2C_Read_Os	32	static
../Application/User/sensors_manager.c:444:9:SM_I2C_Write_Os	32	static
../Application/User/sensors_manager.c:460:6:SM_I2C_MemRxCpltCallback	16	static
../Application/User/sensors_manager.c:466:6:SM_I2C_MemTxCpltCallback	16	static
../Application/User/sensors_manager.c:472:6:SM_I2C_ErrorCallback	16	static
../Application/User/sensors_manager.c:477:6:SM_Peripheral_Init	8	static
../Application/User/sensors_manager.c:489:13:SM_DMA_Init	16	static
../Application/User/sensors_manager.c:514:13:SM_SPI_MspInit	64	static
../Application/User/sensors_manager.c:627:13:SM_I2C_MspInit	48	static
../Application/User/sensors_manager.c:692:6:SM_TIM_Init	16	static
../Application/User/sensors_manager.c:717:6:SM_TIM_Start	8	static
../Application/User/sensors_manager.c:727:6:SM_TIM_Stop	8	static
