sensors_manager.c:85:13:SM_SPI_Init	8	static
sensors_manager.c:115:6:SM_Error_Handler	4	static
sensors_manager.c:128:6:SM_OS_Init	56	static
sensors_manager.c:157:9:SM_SPI_Write	24	static
sensors_manager.c:181:9:SM_SPI_Read	32	static
sensors_manager.c:205:9:SM_SPI_Read_Os	32	static
sensors_manager.c:228:9:SM_SPI_Write_Os	32	static
sensors_manager.c:256:13:spi_Thread	40	static
sensors_manager.c:285:13:SM_SPI_TxRxCpltCallback	16	static
sensors_manager.c:295:13:SM_I2C_Init	8	static
sensors_manager.c:337:9:SM_I2C_Read	48	static
sensors_manager.c:354:9:SM_I2C_Write	48	static
sensors_manager.c:376:13:i2c_Thread	48	static
sensors_manager.c:420:9:SM_I2C_Read_Os	32	static
sensors_manager.c:436:9:SM_I2C_Write_Os	32	static
sensors_manager.c:452:6:SM_I2C_MemRxCpltCallback	16	static
sensors_manager.c:458:6:SM_I2C_MemTxCpltCallback	16	static
sensors_manager.c:464:6:SM_I2C_ErrorCallback	16	static
sensors_manager.c:469:6:SM_Peripheral_Init	8	static
sensors_manager.c:481:13:SM_DMA_Init	24	static
sensors_manager.c:505:13:SM_SPI_MspInit	56	static
sensors_manager.c:573:13:SM_I2C_MspInit	48	static
sensors_manager.c:638:6:SM_TIM_Init	16	static
sensors_manager.c:663:6:SM_TIM_Start	8	static
sensors_manager.c:673:6:SM_TIM_Stop	8	static
