sensors_manager.c:85:13:SM_SPI_Init	8	static
sensors_manager.c:116:6:SM_Error_Handler	4	static
sensors_manager.c:129:6:SM_OS_Init	40	static
sensors_manager.c:164:9:SM_SPI_Write	24	static
sensors_manager.c:188:9:SM_SPI_Read	32	static
sensors_manager.c:212:9:SM_SPI_Read_Os	32	static
sensors_manager.c:235:9:SM_SPI_Write_Os	32	static
sensors_manager.c:263:13:spi_Thread	40	static
sensors_manager.c:292:13:SM_SPI_TxRxCpltCallback	16	static
sensors_manager.c:302:13:SM_I2C_Init	8	static
sensors_manager.c:344:9:SM_I2C_Read	48	static
sensors_manager.c:361:9:SM_I2C_Write	48	static
sensors_manager.c:383:13:i2c_Thread	48	static
sensors_manager.c:427:9:SM_I2C_Read_Os	32	static
sensors_manager.c:443:9:SM_I2C_Write_Os	32	static
sensors_manager.c:459:6:SM_I2C_MemRxCpltCallback	16	static
sensors_manager.c:465:6:SM_I2C_MemTxCpltCallback	16	static
sensors_manager.c:471:6:SM_I2C_ErrorCallback	16	static
sensors_manager.c:476:6:SM_Peripheral_Init	8	static
sensors_manager.c:488:13:SM_DMA_Init	16	static
sensors_manager.c:513:13:SM_SPI_MspInit	56	static
sensors_manager.c:584:13:SM_I2C_MspInit	48	static
sensors_manager.c:649:6:SM_TIM_Init	16	static
sensors_manager.c:674:6:SM_TIM_Start	8	static
sensors_manager.c:684:6:SM_TIM_Stop	8	static
