../Application/User/stm32l4xx_it.c:51:6:NMI_Handler	4	static
../Application/User/stm32l4xx_it.c:64:6:HardFault_Handler	4	static
../Application/User/stm32l4xx_it.c:79:6:MemManage_Handler	4	static
../Application/User/stm32l4xx_it.c:94:6:BusFault_Handler	4	static
../Application/User/stm32l4xx_it.c:109:6:UsageFault_Handler	4	static
../Application/User/stm32l4xx_it.c:124:6:DebugMon_Handler	4	static
../Application/User/stm32l4xx_it.c:132:6:SysTick_Handler	8	static
../Application/User/stm32l4xx_it.c:144:6:PVD_PVM_IRQHandler	8	static
../Application/User/stm32l4xx_it.c:153:6:DMA1_Channel1_IRQHandler	8	static
../Application/User/stm32l4xx_it.c:161:6:DMA1_Channel2_IRQHandler	8	static
../Application/User/stm32l4xx_it.c:169:6:DMA1_Channel3_IRQHandler	8	static
../Application/User/stm32l4xx_it.c:177:6:DMA1_Channel4_IRQHandler	8	static
../Application/User/stm32l4xx_it.c:185:6:DMA1_Channel5_IRQHandler	8	static
../Application/User/stm32l4xx_it.c:193:6:DMA1_Channel6_IRQHandler	8	static
../Application/User/stm32l4xx_it.c:201:6:EXTI0_IRQHandler	8	static
../Application/User/stm32l4xx_it.c:209:6:EXTI9_5_IRQHandler	8	static
../Application/User/stm32l4xx_it.c:220:6:I2C2_EV_IRQHandler	8	static
../Application/User/stm32l4xx_it.c:228:6:I2C2_ER_IRQHandler	8	static
../Application/User/stm32l4xx_it.c:241:6:EXTI15_10_IRQHandler	8	static
../Application/User/stm32l4xx_it.c:250:6:EXTI2_IRQHandler	8	static
../Application/User/stm32l4xx_it.c:258:6:DMA2_Channel1_IRQHandler	4	static
../Application/User/stm32l4xx_it.c:266:6:OTG_FS_IRQHandler	8	static
../Application/User/stm32l4xx_it.c:271:6:SDMMC1_IRQHandler	8	static
