STWIN_sd.c:40:9:BSP_SD_Init	16	static
STWIN_sd.c:75:6:BSP_SD_Detect_Init	32	static
STWIN_sd.c:93:9:BSP_SD_IsDetected	8	static
STWIN_sd.c:112:6:BSP_SD_DetectIT	8	static
STWIN_sd.c:122:13:BSP_SD_DetectCallback	4	static
STWIN_sd.c:141:9:BSP_SD_ReadBlocks	40	static
STWIN_sd.c:164:9:BSP_SD_WriteBlocks	40	static
STWIN_sd.c:186:9:BSP_SD_ReadBlocks_DMA	32	static
STWIN_sd.c:209:9:BSP_SD_WriteBlocks_DMA	32	static
STWIN_sd.c:231:9:BSP_SD_Erase	24	static
STWIN_sd.c:243:6:BSP_SD_MspInit	48	static
STWIN_sd.c:276:6:BSP_SD_MspDeInit	16	static
STWIN_sd.c:304:6:BSP_SD_IRQHandler	8	static
STWIN_sd.c:321:9:BSP_SD_GetCardState	8	static
STWIN_sd.c:331:6:BSP_SD_GetCardInfo	16	static
STWIN_sd.c:345:6:HAL_SD_AbortCallback	16	static
STWIN_sd.c:356:6:HAL_SD_TxCpltCallback	16	static
STWIN_sd.c:367:6:HAL_SD_RxCpltCallback	16	static
STWIN_sd.c:378:13:BSP_SD_AbortCallback	4	static
STWIN_sd.c:387:13:BSP_SD_WriteCpltCallback	4	static
STWIN_sd.c:396:13:BSP_SD_ReadCpltCallback	4	static
