../Middlewares/ST/STM32_USB_Device_Library/Class/SensorStreaming_WCID/Src/usbd_wcid_streaming.c:485:17:USBD_WCID_STREAMING_Init	24	static
../Middlewares/ST/STM32_USB_Device_Library/Class/SensorStreaming_WCID/Src/usbd_wcid_streaming.c:573:17:USBD_WCID_STREAMING_DeInit	24	static
../Middlewares/ST/STM32_USB_Device_Library/Class/SensorStreaming_WCID/Src/usbd_wcid_streaming.c:618:17:USBD_WCID_STREAMING_SOF	48	static
../Middlewares/ST/STM32_USB_Device_Library/Class/SensorStreaming_WCID/Src/usbd_wcid_streaming.c:731:17:USBD_WCID_STREAMING_Setup	40	static
../Middlewares/ST/STM32_USB_Device_Library/Class/SensorStreaming_WCID/Src/usbd_wcid_streaming.c:793:17:USBD_WCID_STREAMING_DataIn	24	static
../Middlewares/ST/STM32_USB_Device_Library/Class/SensorStreaming_WCID/Src/usbd_wcid_streaming.c:807:17:USBD_WCID_STREAMING_DataOut	24	static
../Middlewares/ST/STM32_USB_Device_Library/Class/SensorStreaming_WCID/Src/usbd_wcid_streaming.c:831:17:USBD_WCID_STREAMING_EP0_RxReady	40	static
../Middlewares/ST/STM32_USB_Device_Library/Class/SensorStreaming_WCID/Src/usbd_wcid_streaming.c:851:18:USBD_WCID_STREAMING_GetFSCfgDesc	16	static
../Middlewares/ST/STM32_USB_Device_Library/Class/SensorStreaming_WCID/Src/usbd_wcid_streaming.c:863:18:USBD_WCID_STREAMING_GetHSCfgDesc	16	static
../Middlewares/ST/STM32_USB_Device_Library/Class/SensorStreaming_WCID/Src/usbd_wcid_streaming.c:875:18:USBD_WCID_STREAMING_GetOtherSpeedCfgDesc	16	static
../Middlewares/ST/STM32_USB_Device_Library/Class/SensorStreaming_WCID/Src/usbd_wcid_streaming.c:887:11:USBD_WCID_STREAMING_GetDeviceQualifierDescriptor	16	static
../Middlewares/ST/STM32_USB_Device_Library/Class/SensorStreaming_WCID/Src/usbd_wcid_streaming.c:900:12:USBD_WCID_STREAMING_GetUsrStrDescriptor	24	static
../Middlewares/ST/STM32_USB_Device_Library/Class/SensorStreaming_WCID/Src/usbd_wcid_streaming.c:918:17:USBD_WCID_STREAMING_OSCompIDDescriptor	16	static
../Middlewares/ST/STM32_USB_Device_Library/Class/SensorStreaming_WCID/Src/usbd_wcid_streaming.c:931:17:USBD_WCID_STREAMING_OSPropertiesFeatureDescriptor	16	static
../Middlewares/ST/STM32_USB_Device_Library/Class/SensorStreaming_WCID/Src/usbd_wcid_streaming.c:943:17:USBD_WCID_STREAMING_SetTxBuffer	32	static
../Middlewares/ST/STM32_USB_Device_Library/Class/SensorStreaming_WCID/Src/usbd_wcid_streaming.c:961:10:USBD_WCID_STREAMING_SetRxDataBuffer	24	static
../Middlewares/ST/STM32_USB_Device_Library/Class/SensorStreaming_WCID/Src/usbd_wcid_streaming.c:978:10:USBD_WCID_STREAMING_TransmitPacket	24	static
../Middlewares/ST/STM32_USB_Device_Library/Class/SensorStreaming_WCID/Src/usbd_wcid_streaming.c:1014:16:USBD_WCID_STREAMING_ReceivePacket	24	static
../Middlewares/ST/STM32_USB_Device_Library/Class/SensorStreaming_WCID/Src/usbd_wcid_streaming.c:1042:28:USBD_VendDevReq	48	static
../Middlewares/ST/STM32_USB_Device_Library/Class/SensorStreaming_WCID/Src/usbd_wcid_streaming.c:1126:10:USBD_WCID_STREAMING_RegisterInterface	24	static
../Middlewares/ST/STM32_USB_Device_Library/Class/SensorStreaming_WCID/Src/usbd_wcid_streaming.c:1147:9:USBD_WCID_STREAMING_FillTxDataBuffer	64	static
../Middlewares/ST/STM32_USB_Device_Library/Class/SensorStreaming_WCID/Src/usbd_wcid_streaming.c:1213:9:USBD_WCID_STREAMING_CleanTxDataBuffer	24	static
../Middlewares/ST/STM32_USB_Device_Library/Class/SensorStreaming_WCID/Src/usbd_wcid_streaming.c:1232:9:USBD_WCID_STREAMING_SetTxDataBuffer	40	static
../Middlewares/ST/STM32_USB_Device_Library/Class/SensorStreaming_WCID/Src/usbd_wcid_streaming.c:1261:9:USBD_WCID_STREAMING_StartStreaming	32	static
../Middlewares/ST/STM32_USB_Device_Library/Class/SensorStreaming_WCID/Src/usbd_wcid_streaming.c:1284:9:USBD_WCID_STREAMING_StopStreaming	24	static
